[0mMicrosoft Windows [Versión 10.0.17134.648][0K[?25l
(c) 2018 Microsoft Corporation. Todos los derechos reservados.[0K
[0K
C:\Users\romcl\OneDrive\Documents\UbiqumCodeAcademy\workshops\RMarkdown>[0K[?25hg[0Ki[0Kt[0K[77G[?25lC:\Users\romcl\OneDrive\Documents\UbiqumCodeAcademy\workshops\RMarkdown>git i[0K[?25hn[0Ki[0Kt[0K]0;  - git  init[?25l
[0K[?25h]0; Initialized empty Git repository in C:/Users/romcl/OneDrive/Documents/UbiqumCodeAcademy/workshops/RMarkdown/.git/[0K[?25l
[0K
C:\Users\romcl\OneDrive\Documents\UbiqumCodeAcademy\workshops\RMarkdown>[0K[?25hg[0Ki[0Kt[0K[77G[?25lC:\Users\romcl\OneDrive\Documents\UbiqumCodeAcademy\workshops\RMarkdown>git b[0K[?25hr[0Ka[0Kn[0Kc[0Kh[0K[?25l
[0K[?25h]0;  - git  branch]0; [?25l
C:\Users\romcl\OneDrive\Documents\UbiqumCodeAcademy\workshops\RMarkdown>[0K[?25hg[0Ki[0Kt[0K[77G[?25lC:\Users\romcl\OneDrive\Documents\UbiqumCodeAcademy\workshops\RMarkdown>git b[0K[?25hr[0Ka[0Kn[0Kc[0Kh[0K]0;  - git  branch[?25l
[0K[?25h]0; [?25l
C:\Users\romcl\OneDrive\Documents\UbiqumCodeAcademy\workshops\RMarkdown>[0K[?25hg[0Ki[0Kt[0K[77G[?25lC:\Users\romcl\OneDrive\Documents\UbiqumCodeAcademy\workshops\RMarkdown>git s[0K[?25ht[0Ka[0Kt[0Ku[0Ks[0K]0;  - git  status[?25l
[0K[?25h]0; On branch master[0K[?25l
[0K
No commits yet[0K
[0K
Untracked files:[0K
  (use "git add <file>..." to include in what will be committed)[0K
[0K
        [0;31m.Rproj.user/[0m[0K
        [0;31mRMarkdown.Rproj[0m[0K
[0K
nothing added to commit but untracked files present (use "git add" to track)[0K
[0K
C:\Users\romcl\OneDrive\Documents\UbiqumCodeAcademy\workshops\RMarkdown>[0K[?25hg[0Ki[0Kt[0K[77G[?25lC:\Users\romcl\OneDrive\Documents\UbiqumCodeAcademy\workshops\RMarkdown>git a[0K[?25hd[0Kd[0K[81G[?25lC:\Users\romcl\OneDrive\Documents\UbiqumCodeAcademy\workshops\RMarkdown>git add -[0K[?25h[?25lC:\Users\romcl\OneDrive\Documents\UbiqumCodeAcademy\workshops\RMarkdown>git add[0K[81G[?25h[?25lC:\Users\romcl\OneDrive\Documents\UbiqumCodeAcademy\workshops\RMarkdown>git add .[0K[?25h]0; [?25l
C:\Users\romcl\OneDrive\Documents\UbiqumCodeAcademy\workshops\RMarkdown>[0K[?25hg[0Ki[0Kt[0K[77G[?25lC:\Users\romcl\OneDrive\Documents\UbiqumCodeAcademy\workshops\RMarkdown>git co[0K[?25hm[0Km[0Ki[0Kt[0K[84G[?25lC:\Users\romcl\OneDrive\Documents\UbiqumCodeAcademy\workshops\RMarkdown>git commit -[0K[?25hm[0K[87G[?25lC:\Users\romcl\OneDrive\Documents\UbiqumCodeAcademy\workshops\RMarkdown>git commit -m "[0K[?25hf[0Ki[0Kr[0Ks[0Kt[0K[94G[?25lC:\Users\romcl\OneDrive\Documents\UbiqumCodeAcademy\workshops\RMarkdown>git commit -m "first c[0K[?25ho[0Km[0Km[0Ki[0Kt[0K"[0K]0;  - git  commit -m "first commit"[?25l
[0K[?25h[master (root-commit) b8e2324] first commit[0K[?25l
 5 files changed, 38 insertions(+)[0K
 create mode 100644 .Rproj.user/C0F26720/console06/81A29344[0K
 create mode 100644 .Rproj.user/C0F26720/console06/INDEX001[0K
 create mode 100644 .Rproj.user/C0F26720/sources/s-A5CD8/lock_file[0K
 create mode 100644 .Rproj.user/shared/notebooks/patch-chunk-names[0K
 create mode 100644 RMarkdown.Rproj[0K
[0K[?25h]0; [?25l
C:\Users\romcl\OneDrive\Documents\UbiqumCodeAcademy\workshops\RMarkdown>[0K[?25hg[0Ki[0Kt[0K[77G[76G[?25lC:\Users\romcl\OneDrive\Documents\UbiqumCodeAcademy\workshops\RMarkdown>gi[0K[?25h[?25lC:\Users\romcl\OneDrive\Documents\UbiqumCodeAcademy\workshops\RMarkdown>g[0K[?25h[?25lC:\Users\romcl\OneDrive\Documents\UbiqumCodeAcademy\workshops\RMarkdown>[0K[?25hg[0Ki[0Kt[0K[77G[?25lC:\Users\romcl\OneDrive\Documents\UbiqumCodeAcademy\workshops\RMarkdown>git a[0K[?25hd[0Kd[0K[?25lC:\Users\romcl\OneDrive\Documents\UbiqumCodeAcademy\workshops\RMarkdown>git ad[0K[?25h[?25lC:\Users\romcl\OneDrive\Documents\UbiqumCodeAcademy\workshops\RMarkdown>git a[0K[?25h[?25lC:\Users\romcl\OneDrive\Documents\UbiqumCodeAcademy\workshops\RMarkdown>git[0K[77G[?25h[?25lC:\Users\romcl\OneDrive\Documents\UbiqumCodeAcademy\workshops\RMarkdown>git r[0K[?25he[0Km[0Ko[0Kt[0Ke[0K[84G[?25lC:\Users\romcl\OneDrive\Documents\UbiqumCodeAcademy\workshops\RMarkdown>git remote a[0K[?25hd[0Kd[0K[88G[?25lC:\Users\romcl\OneDrive\Documents\UbiqumCodeAcademy\workshops\RMarkdown>git remote add o[0K[?25hr[0Ki[0Kg[0Ki[0Kn[0K[95G[?25lC:\Users\romcl\OneDrive\Documents\UbiqumCodeAcademy\workshops\RMarkdown>git remote add origin https://github.com/JoanClaverol/ub[0Ki
qum_RMarkdownWorkshop.git[0K[?25h]0;  - git  remote add origin https://github.com/JoanClaverol/ubiqum_RMarkdownWorkshop.git[?25l
[0K[?25h]0; [?25l
C:\Users\romcl\OneDrive\Documents\UbiqumCodeAcademy\workshops\RMarkdown>[0K[?25hg[0Ki[0Kt[0K[77G[?25lC:\Users\romcl\OneDrive\Documents\UbiqumCodeAcademy\workshops\RMarkdown>git r[0K[?25he[0Km[0Ko[0Kt[0Ke[0K[84G[?25lC:\Users\romcl\OneDrive\Documents\UbiqumCodeAcademy\workshops\RMarkdown>git remote -[0K[?25hv[0K[87G[86G]0;  - git  remote -v[?25l
[0K[?25h]0; origin  https://github.com/JoanClaverol/ubiqum_RMarkdownWorkshop.git (fetch)[0K[?25l
origin  https://github.com/JoanClaverol/ubiqum_RMarkdownWorkshop.git (push)[0K
[0K
C:\Users\romcl\OneDrive\Documents\UbiqumCodeAcademy\workshops\RMarkdown>[0K[?25hg[0Ki[0Kt[0K[77G[?25lC:\Users\romcl\OneDrive\Documents\UbiqumCodeAcademy\workshops\RMarkdown>git b[0K[?25hr[0Ka[0Kn[0Kc[0Kh[0K]0;  - git  branch[?25l
[0K[?25h* [0;32mmaster[0m[0K[?25l
[0K[?25h]0; [?25l
C:\Users\romcl\OneDrive\Documents\UbiqumCodeAcademy\workshops\RMarkdown>[0K[?25hg[0Ki[0Kt[0K[77G[?25lC:\Users\romcl\OneDrive\Documents\UbiqumCodeAcademy\workshops\RMarkdown>git p[0K[?25hu[0Ks[0Kh[0K[82G[?25lC:\Users\romcl\OneDrive\Documents\UbiqumCodeAcademy\workshops\RMarkdown>git push m[0K[?25ha[0Ks[0Kt[0Ke[0Kr[0K[89G[88G[?25lC:\Users\romcl\OneDrive\Documents\UbiqumCodeAcademy\workshops\RMarkdown>git push maste[0K[?25h[?25lC:\Users\romcl\OneDrive\Documents\UbiqumCodeAcademy\workshops\RMarkdown>git push mast[0K[?25h[?25lC:\Users\romcl\OneDrive\Documents\UbiqumCodeAcademy\workshops\RMarkdown>git push mas[0K[?25h[?25lC:\Users\romcl\OneDrive\Documents\UbiqumCodeAcademy\workshops\RMarkdown>git push ma[0K[?25h[?25lC:\Users\romcl\OneDrive\Documents\UbiqumCodeAcademy\workshops\RMarkdown>git push m[0K[?25h[?25lC:\Users\romcl\OneDrive\Documents\UbiqumCodeAcademy\workshops\RMarkdown>git push[0K[82G[?25h[81G[82G[?25lC:\Users\romcl\OneDrive\Documents\UbiqumCodeAcademy\workshops\RMarkdown>git push o[0K[?25hr[0Ki[0Kg[0Ki[0Kn[0K[89G[?25lC:\Users\romcl\OneDrive\Documents\UbiqumCodeAcademy\workshops\RMarkdown>git push origin m[0K[?25ha[0Ks[0Kt[0Ke[0Kr[0K[?25l
[0K[?25h]0;  - git  push origin masterEnumerating objects: 13, done.[0K[?25l
Counting objects: 100% (13/13), done.[0K
Delta compression using up to 4 threads.[0K
Compressing objects: 100% (8/8), done.[0K
Writing objects:  46% (6/13)[0K[28G[?25h[?25lWriting objects: 100% (13/13), 1.58 KiB | 202.00 KiB/s, done.[0K
Total 13 (delta 0), reused 0 (delta 0)[0K
[0K[?25hTo https://github.com/JoanClaverol/ubiqum_RMarkdownWorkshop.git[0K[?25l
 * [new branch]      master -> master[0K
[0K[?25h]0; [?25l
C:\Users\romcl\OneDrive\Documents\UbiqumCodeAcademy\workshops\RMarkdown>[0K[?25hg[0Ki[0Kt[0K[77G[?25lC:\Users\romcl\OneDrive\Documents\UbiqumCodeAcademy\workshops\RMarkdown>git s[0K[?25ht[0Ka[0Kt[0Ku[0Ks[0K]0;  - git  status[?25l
[0K[?25hOn branch master[0K[?25l
Changes not staged for commit:[0K
  (use "git add <file>..." to update what will be committed)[0K
  (use "git checkout -- <file>..." to discard changes in working directory)[0K
[0K
        [0;31mmodified:   .Rproj.user/C0F26720/console06/81A29344[0m[0K
[0K
Untracked files:[0K
  (use "git add <file>..." to include in what will be committed)[0K
[0K
        [0;31m.Rproj.user/C0F26720/sources/prop/[0m[0K
        [0;31m.Rproj.user/C0F26720/sources/s-A5CD8/1403DCCC[0m[0K
        [0;31m.Rproj.user/C0F26720/sources/s-A5CD8/1403DCCC-contents[0m[0K
        [0;31m.Rproj.user/C0F26720/sources/s-A5CD8/36EBC0CA-contents[0m[0K
        [0;31m.Rproj.user/C0F26720/sources/s-A5CD8/B4509A32-contents[0m[0K
        [0;31m.Rproj.user/C0F26720/sources/s-A5CD8/FF6CBF12-contents[0m[0K
        [0;31m.Rproj.user/shared/notebooks/1D4BB9A5-test1/[0m[0K
        [0;31m.Rproj.user/shared/notebooks/4EFB6FF8-test1/[0m[0K
        [0;31m.Rproj.user/shared/notebooks/AB5B6AAD-FirstRMarkdown/[0m[0K
        [0;31m.Rproj.user/shared/notebooks/paths[0m[0K
        [0;31mdata/[0m[0K
        [0;31mimages/[0m[0K
        [0;31mscript/[0m[0K[?25h]0; [?25l
[0K
no changes added to commit (use "git add" and/or "git commit -a")[0K
[0K
C:\Users\romcl\OneDrive\Documents\UbiqumCodeAcademy\workshops\RMarkdown>[0K[?25hg[0Ki[0Kt[0K[77G[?25lC:\Users\romcl\OneDrive\Documents\UbiqumCodeAcademy\workshops\RMarkdown>git c[0K[?25ho[0Km[0Km[0Ki[0K[?25lC:\Users\romcl\OneDrive\Documents\UbiqumCodeAcademy\workshops\RMarkdown>git comm[0K[?25h[?25lC:\Users\romcl\OneDrive\Documents\UbiqumCodeAcademy\workshops\RMarkdown>git com[0K[?25h[?25lC:\Users\romcl\OneDrive\Documents\UbiqumCodeAcademy\workshops\RMarkdown>git co[0K[?25h[?25lC:\Users\romcl\OneDrive\Documents\UbiqumCodeAcademy\workshops\RMarkdown>git c[0K[?25h[?25lC:\Users\romcl\OneDrive\Documents\UbiqumCodeAcademy\workshops\RMarkdown>git[0K[77G[?25h[?25lC:\Users\romcl\OneDrive\Documents\UbiqumCodeAcademy\workshops\RMarkdown>git a[0K[?25hd[0Kd[0K[81G[?25lC:\Users\romcl\OneDrive\Documents\UbiqumCodeAcademy\workshops\RMarkdown>git add .[0K[?25h