[0mMicrosoft Windows [Versión 10.0.17134.648][0K[?25l
(c) 2018 Microsoft Corporation. Todos los derechos reservados.[0K
[0K
C:\Users\romcl\OneDrive\Documents\UbiqumCodeAcademy\workshops\RMarkdown>[0K[?25hg[0Ki[0Kt[0K[77G[?25lC:\Users\romcl\OneDrive\Documents\UbiqumCodeAcademy\workshops\RMarkdown>git i[0K[?25hn[0Ki[0Kt[0K]0;  - git  init[?25l
[0K[?25h]0; Initialized empty Git repository in C:/Users/romcl/OneDrive/Documents/UbiqumCodeAcademy/workshops/RMarkdown/.git/[0K[?25l
[0K
C:\Users\romcl\OneDrive\Documents\UbiqumCodeAcademy\workshops\RMarkdown>[0K[?25hg[0Ki[0Kt[0K[77G[?25lC:\Users\romcl\OneDrive\Documents\UbiqumCodeAcademy\workshops\RMarkdown>git b[0K[?25hr[0Ka[0Kn[0Kc[0Kh[0K[?25l
[0K[?25h]0;  - git  branch]0; [?25l
C:\Users\romcl\OneDrive\Documents\UbiqumCodeAcademy\workshops\RMarkdown>[0K[?25hg[0Ki[0Kt[0K[77G[?25lC:\Users\romcl\OneDrive\Documents\UbiqumCodeAcademy\workshops\RMarkdown>git b[0K[?25hr[0Ka[0Kn[0Kc[0Kh[0K]0;  - git  branch[?25l
[0K[?25h]0; [?25l
C:\Users\romcl\OneDrive\Documents\UbiqumCodeAcademy\workshops\RMarkdown>[0K[?25hg[0Ki[0Kt[0K[77G[?25lC:\Users\romcl\OneDrive\Documents\UbiqumCodeAcademy\workshops\RMarkdown>git s[0K[?25ht[0Ka[0Kt[0Ku[0Ks[0K]0;  - git  status[?25l
[0K[?25h]0; On branch master[0K[?25l
[0K
No commits yet[0K
[0K
Untracked files:[0K
  (use "git add <file>..." to include in what will be committed)[0K
[0K
        [0;31m.Rproj.user/[0m[0K
        [0;31mRMarkdown.Rproj[0m[0K
[0K
nothing added to commit but untracked files present (use "git add" to track)[0K
[0K
C:\Users\romcl\OneDrive\Documents\UbiqumCodeAcademy\workshops\RMarkdown>[0K[?25hg[0Ki[0Kt[0K[77G[?25lC:\Users\romcl\OneDrive\Documents\UbiqumCodeAcademy\workshops\RMarkdown>git a[0K[?25hd[0Kd[0K[81G[?25lC:\Users\romcl\OneDrive\Documents\UbiqumCodeAcademy\workshops\RMarkdown>git add -[0K[?25h[?25lC:\Users\romcl\OneDrive\Documents\UbiqumCodeAcademy\workshops\RMarkdown>git add[0K[81G[?25h[?25lC:\Users\romcl\OneDrive\Documents\UbiqumCodeAcademy\workshops\RMarkdown>git add .[0K[?25h